                                           The SAS System                                          1

                                 Contents of Catalog MACROLIB.CREDIT
 
        #    Name       Type               Create Date          Modified Date    Description
        ------------------------------------------------------------------------------------
        1    PAYHIST    FORMATC     28JUL2003:17:11:35     28JUL2003:17:11:35               
        2    STATUS     FORMATC     28OCT2002:15:16:30     28OCT2002:15:16:30               
        3    TYPE       FORMATC     28OCT2002:15:16:30     28OCT2002:15:16:30               
                                           The SAS System                                          2

                                 Contents of Catalog MACROLIB.DEBIT
 
        #    Name       Type               Create Date          Modified Date    Description
        ------------------------------------------------------------------------------------
        1    ACCTTYP    FORMATC     28OCT2002:15:16:30     28OCT2002:15:16:30               
        2    PAYHIST    FORMATC     28JUL2003:17:11:35     28JUL2003:17:11:35               
        3    STATUS     FORMATC     28OCT2002:15:16:30     28OCT2002:15:16:30               
        4    TYPE       FORMATC     28OCT2002:15:16:30     28OCT2002:15:16:30               
